exports[`EntryActions component  EntryActions matches snapshot 1`] = `
Array [
  <button
    onClick={[Function]}>
    View
</button>,
  <button
    onClick={[Function]}>
    Download
</button>,
  <button
    onClick={[Function]}>
    Resend
</button>,
]
`;
